// Jest Snapshot v1, https://goo.gl/fbAQLP

exports[`SellItem Form Snapshot renders a form 1`] = `"<form id=\\"phoneFormId\\" class=\\"\\"><div class=\\"card-body\\"><div class=\\"form-row\\"><div class=\\"form-group col\\"><label class=\\"form-label\\" for=\\"formGridName\\"> Phone&#x27;s grade </label><input type=\\"text\\" required=\\"\\" autoComplete=\\"off\\" name=\\"grade\\" value=\\"\\" placeholder=\\"Enter your phone&#x27;s grade\\" id=\\"formGridName\\" class=\\"bg-dark text-white form-control\\"/></div><div class=\\"form-group col\\"><label class=\\"form-label\\" for=\\"formGridPrice\\"> color </label><input type=\\"text\\" required=\\"\\" autoComplete=\\"off\\" name=\\"color\\" value=\\"\\" placeholder=\\"Enter color\\" id=\\"formGridPrice\\" class=\\"bg-dark text-white form-control\\"/></div></div><div class=\\"form-row\\"><div class=\\"form-group col\\"><label class=\\"form-label\\" for=\\"formGridRam_rom\\"> Phone&#x27;s price </label><input type=\\"text\\" required=\\"\\" autoComplete=\\"off\\" name=\\"price\\" value=\\"\\" placeholder=\\"Enter your phone&#x27;s price\\" id=\\"formGridRam_rom\\" class=\\"bg-dark text-white form-control\\"/></div><div class=\\"form-group col\\"><label class=\\"form-label\\" for=\\"formGridImageL\\"> Phone&#x27;s version </label><input type=\\"text\\" required=\\"\\" autoComplete=\\"off\\" name=\\"version\\" value=\\"\\" placeholder=\\"Enter version \\" id=\\"formGridImageL\\" class=\\"bg-dark text-white form-control\\"/></div></div><div class=\\"form-row\\"><div class=\\"form-group col\\"><label class=\\"form-label\\" for=\\"formGridDescription\\"> Choose in which product your phone fits </label><br/><label>Choose ProductName:</label><select id=\\"select\\"></select></div></div></div><div class=\\"card-footer\\" style=\\"text-align:center\\"><button type=\\"submit\\" class=\\"btn btn-success btn-sm\\">Sell Phone</button>  <button type=\\"reset\\" class=\\"btn btn-info btn-sm\\">Reset</button></div></form>"`;
